2025-05-09 12:54 INFO 4405:stopes.utils.web - AutoPCP_multilingual_v2 already downloaded
2025-05-09 12:54 INFO 4405:stopes.eval.auto_pcp.audio_comparator - Loading vectorizer
/root/autodl-tmp/CosyVoice_dev/examples/libritts/cosyvoice2/rl/evaluate/eva_model/stopes/stopes/eval/auto_pcp/audio_comparator.py:143: FutureWarning: You are using `torch.load` with `weights_only=False` (the current default value), which uses the default pickle module implicitly. It is possible to construct malicious pickle data which will execute arbitrary code during unpickling (See https://github.com/pytorch/pytorch/blob/main/SECURITY.md#untrusted-models for more details). In a future release, the default value for `weights_only` will be flipped to `True`. This limits the functions that could be executed during unpickling. Arbitrary objects will no longer be allowed to be loaded via this mode unless they are explicitly allowlisted by the user via `torch.serialization.add_safe_globals`. We recommend you start setting `weights_only=True` for any use case where you don't have full control of the loaded file. Please open an issue on GitHub for any issues related to this experimental feature.
  model_config = torch.load(config_path)
2025-05-09 12:54 INFO 4405:stopes.eval.auto_pcp.audio_comparator - Sequential(
  (0): Dropout(p=0.1, inplace=False)
  (1): Linear(in_features=4096, out_features=2048, bias=True)
  (2): Tanh()
  (3): Dropout(p=0.1, inplace=False)
  (4): Linear(in_features=2048, out_features=1024, bias=True)
  (5): Tanh()
  (6): Dropout(p=0.1, inplace=False)
  (7): Linear(in_features=1024, out_features=512, bias=True)
  (8): Tanh()
  (9): Dropout(p=0.1, inplace=False)
  (10): Linear(in_features=512, out_features=5, bias=True)
)
/root/autodl-tmp/CosyVoice_dev/examples/libritts/cosyvoice2/rl/evaluate/eva_model/stopes/stopes/eval/auto_pcp/audio_comparator.py:149: FutureWarning: You are using `torch.load` with `weights_only=False` (the current default value), which uses the default pickle module implicitly. It is possible to construct malicious pickle data which will execute arbitrary code during unpickling (See https://github.com/pytorch/pytorch/blob/main/SECURITY.md#untrusted-models for more details). In a future release, the default value for `weights_only` will be flipped to `True`. This limits the functions that could be executed during unpickling. Arbitrary objects will no longer be allowed to be loaded via this mode unless they are explicitly allowlisted by the user via `torch.serialization.add_safe_globals`. We recommend you start setting `weights_only=True` for any use case where you don't have full control of the loaded file. Please open an issue on GitHub for any issues related to this experimental feature.
  ckpt = torch.load(ckpt_path, map_location=lambda storage, loc: storage)
2025-05-09 12:54 INFO 4405:stopes.eval.auto_pcp.audio_comparator - model loaded from /root/.cache/stopes/AutoPCP_multilingual_v2/model.pt
2025-05-09 12:54 INFO 4405:stopes.eval.auto_pcp.audio_comparator - Embedding source
  0%|          | 0/1 [00:00<?, ?it/s]2025-05-09 12:54 WARNING 4405:stopes.speech.utils - Audio has sample rate 24000. Resample to 16000
100%|██████████| 1/1 [00:00<00:00, 188.51it/s]
2025-05-09 12:54 INFO 4405:stopes.eval.auto_pcp.audio_comparator - Embedding target
  0%|          | 0/1 [00:00<?, ?it/s]100%|██████████| 1/1 [00:00<00:00, 2387.20it/s]
2025-05-09 12:54 INFO 4405:stopes.eval.auto_pcp.audio_comparator - Comparing source and target embedding
2025-05-09 12:54 INFO 4405:stopes.cache - written cache for CompareAudiosModule_56bec8dfc7d93da9c76b80905071251e25796ad5abe2944df473c3ea368614eb:0
2025-05-09 12:54 INFO 4405:submitit - Job completed successfully
2025-05-09 12:54 INFO 4405:submitit - Exiting after successful completion
