2025-05-08 12:35 INFO 38344:stopes.utils.web - AutoPCP_multilingual_v2 already downloaded
2025-05-08 12:35 INFO 38344:stopes.eval.auto_pcp.audio_comparator - Loading vectorizer
/root/autodl-tmp/CosyVoice_dev/examples/libritts/cosyvoice2/rl/evaluate/eva_model/stopes/stopes/eval/auto_pcp/audio_comparator.py:143: FutureWarning: You are using `torch.load` with `weights_only=False` (the current default value), which uses the default pickle module implicitly. It is possible to construct malicious pickle data which will execute arbitrary code during unpickling (See https://github.com/pytorch/pytorch/blob/main/SECURITY.md#untrusted-models for more details). In a future release, the default value for `weights_only` will be flipped to `True`. This limits the functions that could be executed during unpickling. Arbitrary objects will no longer be allowed to be loaded via this mode unless they are explicitly allowlisted by the user via `torch.serialization.add_safe_globals`. We recommend you start setting `weights_only=True` for any use case where you don't have full control of the loaded file. Please open an issue on GitHub for any issues related to this experimental feature.
  model_config = torch.load(config_path)
2025-05-08 12:35 INFO 38344:stopes.eval.auto_pcp.audio_comparator - Sequential(
  (0): Dropout(p=0.1, inplace=False)
  (1): Linear(in_features=4096, out_features=2048, bias=True)
  (2): Tanh()
  (3): Dropout(p=0.1, inplace=False)
  (4): Linear(in_features=2048, out_features=1024, bias=True)
  (5): Tanh()
  (6): Dropout(p=0.1, inplace=False)
  (7): Linear(in_features=1024, out_features=512, bias=True)
  (8): Tanh()
  (9): Dropout(p=0.1, inplace=False)
  (10): Linear(in_features=512, out_features=5, bias=True)
)
/root/autodl-tmp/CosyVoice_dev/examples/libritts/cosyvoice2/rl/evaluate/eva_model/stopes/stopes/eval/auto_pcp/audio_comparator.py:149: FutureWarning: You are using `torch.load` with `weights_only=False` (the current default value), which uses the default pickle module implicitly. It is possible to construct malicious pickle data which will execute arbitrary code during unpickling (See https://github.com/pytorch/pytorch/blob/main/SECURITY.md#untrusted-models for more details). In a future release, the default value for `weights_only` will be flipped to `True`. This limits the functions that could be executed during unpickling. Arbitrary objects will no longer be allowed to be loaded via this mode unless they are explicitly allowlisted by the user via `torch.serialization.add_safe_globals`. We recommend you start setting `weights_only=True` for any use case where you don't have full control of the loaded file. Please open an issue on GitHub for any issues related to this experimental feature.
  ckpt = torch.load(ckpt_path, map_location=lambda storage, loc: storage)
2025-05-08 12:35 INFO 38344:stopes.eval.auto_pcp.audio_comparator - model loaded from /root/.cache/stopes/AutoPCP_multilingual_v2/model.pt
2025-05-08 12:35 INFO 38344:stopes.eval.auto_pcp.audio_comparator - Embedding source
  0%|          | 0/390 [00:00<?, ?it/s]2025-05-08 12:35 WARNING 38344:stopes.speech.utils - Audio has sample rate 24000. Resample to 16000
  4%|▍         | 16/390 [00:00<00:12, 28.86it/s]  8%|▊         | 31/390 [00:00<00:07, 46.22it/s]
submitit ERROR (2025-05-08 12:35:10,004) - Submitted job triggered an exception
2025-05-08 12:35 ERROR 38344:submitit - Submitted job triggered an exception
Traceback (most recent call last):
  File "/root/autodl-tmp/miniconda3/envs/cosyvoice2/lib/python3.10/runpy.py", line 196, in _run_module_as_main
    return _run_code(code, main_globals, None,
  File "/root/autodl-tmp/miniconda3/envs/cosyvoice2/lib/python3.10/runpy.py", line 86, in _run_code
    exec(code, run_globals)
  File "/root/autodl-tmp/miniconda3/envs/cosyvoice2/lib/python3.10/site-packages/submitit/core/_submit.py", line 11, in <module>
    submitit_main()
  File "/root/autodl-tmp/miniconda3/envs/cosyvoice2/lib/python3.10/site-packages/submitit/core/submission.py", line 76, in submitit_main
    process_job(args.folder)
  File "/root/autodl-tmp/miniconda3/envs/cosyvoice2/lib/python3.10/site-packages/submitit/core/submission.py", line 69, in process_job
    raise error
  File "/root/autodl-tmp/miniconda3/envs/cosyvoice2/lib/python3.10/site-packages/submitit/core/submission.py", line 55, in process_job
    result = delayed.result()
  File "/root/autodl-tmp/miniconda3/envs/cosyvoice2/lib/python3.10/site-packages/submitit/core/utils.py", line 137, in result
    self._result = self.function(*self.args, **self.kwargs)
  File "/root/autodl-tmp/CosyVoice_dev/examples/libritts/cosyvoice2/rl/evaluate/eva_model/stopes/stopes/core/stopes_module.py", line 98, in __call__
    res = self.run(iteration_value=iteration_value, iteration_index=iteration_index)
  File "/root/autodl-tmp/CosyVoice_dev/examples/libritts/cosyvoice2/rl/evaluate/eva_model/stopes/stopes/modules/evaluation/compare_audio_module.py", line 114, in run
    results = compare_audio_pairs(
  File "/root/autodl-tmp/CosyVoice_dev/examples/libritts/cosyvoice2/rl/evaluate/eva_model/stopes/stopes/eval/auto_pcp/audio_comparator.py", line 380, in compare_audio_pairs
    src_emb: torch.Tensor = encode_audios(
  File "/root/autodl-tmp/CosyVoice_dev/examples/libritts/cosyvoice2/rl/evaluate/eva_model/stopes/stopes/eval/auto_pcp/audio_comparator.py", line 284, in encode_audios
    model_out = model(**y, output_hidden_states=True)
  File "/root/autodl-tmp/miniconda3/envs/cosyvoice2/lib/python3.10/site-packages/torch/nn/modules/module.py", line 1736, in _wrapped_call_impl
    return self._call_impl(*args, **kwargs)
  File "/root/autodl-tmp/miniconda3/envs/cosyvoice2/lib/python3.10/site-packages/torch/nn/modules/module.py", line 1747, in _call_impl
    return forward_call(*args, **kwargs)
  File "/root/autodl-tmp/miniconda3/envs/cosyvoice2/lib/python3.10/site-packages/transformers/models/wav2vec2/modeling_wav2vec2.py", line 1807, in forward
    extract_features = self.feature_extractor(input_values)
  File "/root/autodl-tmp/miniconda3/envs/cosyvoice2/lib/python3.10/site-packages/torch/nn/modules/module.py", line 1736, in _wrapped_call_impl
    return self._call_impl(*args, **kwargs)
  File "/root/autodl-tmp/miniconda3/envs/cosyvoice2/lib/python3.10/site-packages/torch/nn/modules/module.py", line 1747, in _call_impl
    return forward_call(*args, **kwargs)
  File "/root/autodl-tmp/miniconda3/envs/cosyvoice2/lib/python3.10/site-packages/transformers/models/wav2vec2/modeling_wav2vec2.py", line 463, in forward
    hidden_states = conv_layer(hidden_states)
  File "/root/autodl-tmp/miniconda3/envs/cosyvoice2/lib/python3.10/site-packages/torch/nn/modules/module.py", line 1736, in _wrapped_call_impl
    return self._call_impl(*args, **kwargs)
  File "/root/autodl-tmp/miniconda3/envs/cosyvoice2/lib/python3.10/site-packages/torch/nn/modules/module.py", line 1747, in _call_impl
    return forward_call(*args, **kwargs)
  File "/root/autodl-tmp/miniconda3/envs/cosyvoice2/lib/python3.10/site-packages/transformers/models/wav2vec2/modeling_wav2vec2.py", line 335, in forward
    hidden_states = self.layer_norm(hidden_states)
  File "/root/autodl-tmp/miniconda3/envs/cosyvoice2/lib/python3.10/site-packages/torch/nn/modules/module.py", line 1736, in _wrapped_call_impl
    return self._call_impl(*args, **kwargs)
  File "/root/autodl-tmp/miniconda3/envs/cosyvoice2/lib/python3.10/site-packages/torch/nn/modules/module.py", line 1747, in _call_impl
    return forward_call(*args, **kwargs)
  File "/root/autodl-tmp/miniconda3/envs/cosyvoice2/lib/python3.10/site-packages/torch/nn/modules/normalization.py", line 217, in forward
    return F.layer_norm(
  File "/root/autodl-tmp/miniconda3/envs/cosyvoice2/lib/python3.10/site-packages/torch/nn/functional.py", line 2900, in layer_norm
    return torch.layer_norm(
torch.OutOfMemoryError: CUDA out of memory. Tried to allocate 800.00 MiB. GPU 0 has a total capacity of 31.50 GiB of which 530.50 MiB is free. Process 16703 has 0 bytes memory in use. Process 31741 has 0 bytes memory in use. Including non-PyTorch memory, this process has 0 bytes memory in use. Of the allocated memory 2.15 GiB is allocated by PyTorch, and 219.01 MiB is reserved by PyTorch but unallocated. If reserved but unallocated memory is large try setting PYTORCH_CUDA_ALLOC_CONF=expandable_segments:True to avoid fragmentation.  See documentation for Memory Management  (https://pytorch.org/docs/stable/notes/cuda.html#environment-variables)
