2025-05-08 03:21 INFO 156436:stopes.utils.web - AutoPCP_multilingual_v2 already downloaded
2025-05-08 03:21 INFO 156436:stopes.eval.auto_pcp.audio_comparator - Loading vectorizer
/root/autodl-tmp/CosyVoice_dev/examples/libritts/cosyvoice2/rl/evaluate/eva_model/stopes/stopes/eval/auto_pcp/audio_comparator.py:143: FutureWarning: You are using `torch.load` with `weights_only=False` (the current default value), which uses the default pickle module implicitly. It is possible to construct malicious pickle data which will execute arbitrary code during unpickling (See https://github.com/pytorch/pytorch/blob/main/SECURITY.md#untrusted-models for more details). In a future release, the default value for `weights_only` will be flipped to `True`. This limits the functions that could be executed during unpickling. Arbitrary objects will no longer be allowed to be loaded via this mode unless they are explicitly allowlisted by the user via `torch.serialization.add_safe_globals`. We recommend you start setting `weights_only=True` for any use case where you don't have full control of the loaded file. Please open an issue on GitHub for any issues related to this experimental feature.
  model_config = torch.load(config_path)
2025-05-08 03:21 INFO 156436:stopes.eval.auto_pcp.audio_comparator - Sequential(
  (0): Dropout(p=0.1, inplace=False)
  (1): Linear(in_features=4096, out_features=2048, bias=True)
  (2): Tanh()
  (3): Dropout(p=0.1, inplace=False)
  (4): Linear(in_features=2048, out_features=1024, bias=True)
  (5): Tanh()
  (6): Dropout(p=0.1, inplace=False)
  (7): Linear(in_features=1024, out_features=512, bias=True)
  (8): Tanh()
  (9): Dropout(p=0.1, inplace=False)
  (10): Linear(in_features=512, out_features=5, bias=True)
)
/root/autodl-tmp/CosyVoice_dev/examples/libritts/cosyvoice2/rl/evaluate/eva_model/stopes/stopes/eval/auto_pcp/audio_comparator.py:149: FutureWarning: You are using `torch.load` with `weights_only=False` (the current default value), which uses the default pickle module implicitly. It is possible to construct malicious pickle data which will execute arbitrary code during unpickling (See https://github.com/pytorch/pytorch/blob/main/SECURITY.md#untrusted-models for more details). In a future release, the default value for `weights_only` will be flipped to `True`. This limits the functions that could be executed during unpickling. Arbitrary objects will no longer be allowed to be loaded via this mode unless they are explicitly allowlisted by the user via `torch.serialization.add_safe_globals`. We recommend you start setting `weights_only=True` for any use case where you don't have full control of the loaded file. Please open an issue on GitHub for any issues related to this experimental feature.
  ckpt = torch.load(ckpt_path, map_location=lambda storage, loc: storage)
2025-05-08 03:21 INFO 156436:stopes.eval.auto_pcp.audio_comparator - model loaded from /root/.cache/stopes/AutoPCP_multilingual_v2/model.pt
2025-05-08 03:21 INFO 156436:stopes.eval.auto_pcp.audio_comparator - Embedding source
  0%|          | 0/97 [00:00<?, ?it/s]2025-05-08 03:21 WARNING 156436:stopes.speech.utils - Audio has sample rate 24000. Resample to 16000
 16%|█▋        | 16/97 [00:00<00:02, 29.68it/s] 33%|███▎      | 32/97 [00:00<00:01, 46.84it/s] 49%|████▉     | 48/97 [00:00<00:00, 58.66it/s] 66%|██████▌   | 64/97 [00:01<00:00, 73.31it/s] 82%|████████▏ | 80/97 [00:01<00:00, 81.12it/s] 99%|█████████▉| 96/97 [00:01<00:00, 76.27it/s]100%|██████████| 97/97 [00:01<00:00, 66.17it/s]
2025-05-08 03:21 INFO 156436:stopes.eval.auto_pcp.audio_comparator - Embedding target
  0%|          | 0/97 [00:00<?, ?it/s] 33%|███▎      | 32/97 [00:00<00:00, 290.56it/s] 66%|██████▌   | 64/97 [00:00<00:00, 272.48it/s] 99%|█████████▉| 96/97 [00:00<00:00, 276.41it/s]100%|██████████| 97/97 [00:00<00:00, 279.10it/s]
2025-05-08 03:21 INFO 156436:stopes.eval.auto_pcp.audio_comparator - Comparing source and target embedding
2025-05-08 03:21 INFO 156436:stopes.cache - written cache for CompareAudiosModule_0853d71ecd00aec56b4f83cd4793d125634a9ba8f043c60b34356fd68e544482:0
2025-05-08 03:21 INFO 156436:submitit - Job completed successfully
2025-05-08 03:21 INFO 156436:submitit - Exiting after successful completion
